attributes:
    - { f7bd60b75b29d79b660a2859395c1a24: S, 70dda5dfb8053dc6d1c492574bce9bfd: red, 111ebeb2f08072eef3b164f0dc7ab653: 11, 01aa4923c4110ef347161f848a9d36aa: 1.1, a1: p, a2: v1, a3: v2, a4: v3 }
    - { f7bd60b75b29d79b660a2859395c1a24: M, 70dda5dfb8053dc6d1c492574bce9bfd: green, 111ebeb2f08072eef3b164f0dc7ab653: 22, 01aa4923c4110ef347161f848a9d36aa: 2.2, a1: p, a2: v1, a3: v2, a4: v3 }
    - { f7bd60b75b29d79b660a2859395c1a24: L, 70dda5dfb8053dc6d1c492574bce9bfd: blue, 111ebeb2f08072eef3b164f0dc7ab653: 33, 01aa4923c4110ef347161f848a9d36aa: 3.3, a1: p, a2: v1, a3: v2, a4: v3 }
parent: ''
meta_keywords: null
meta_description: null
selfLinks: {  }
maincategory: null
maincategoryurl: null
mak_boost_norm_insert: 0.0
mak_boost_norm_sold: 0.0
mak_boost_norm_rating: 0.0
mak_boost_norm_revenue: 0.0
mak_boost_norm_profit_margin: 0.0
isVariant: false
activeto: null
activefrom: null
suggest: {  }
category: {  }
TRACKING: null
tmpAttributeStr: {  }
tmpAttributeInt: {  }
tmpAttributeFloat: {  }
attributeStr: {  }
attributeInt: {  }
attributeFloat: {  }
isPseudo: false
ean: ''
title: ''
searchkeys: ''
hidden: false
sort: 0
longdesc: ''
shortdesc: ''
stock: 0
onstock: false
manufacturerid: ''
manufacturer_title: ''
price: 0.0
insert: null
soldamount: 0
rating: 0.0
searchable: true
picture_url_main: {  }
es_id: null
id: phpunit_product
timestamp: null
url: null
active: true
shop: {  }
additionalData: {  }
